Timestamp: 2026-06-15T01:32:11.479Z
Command: jest --runInBand
Exit code: 0
npm warn Unknown env config "devdir". This will stop working in the next major version of npm.
watchman warning:  Recrawled this watch 1 time, most recently because:
MustScanSubDirs UserDroppedTo resolve, please review the information on
https://facebook.github.io/watchman/docs/troubleshooting.html#recrawl
To clear this warning, run:
`watchman watch-del '/Users/captainchris20/Coding Portfolio/7th-Project--Coach-Connect' ; watchman watch-project '/Users/captainchris20/Coding Portfolio/7th-Project--Coach-Connect'`

PASS src/__tests__/unit/authGate.test.js
PASS src/__tests__/unit/dateAndRollover.test.js
PASS src/__tests__/unit/coachToolProposalGuards.test.js
PASS src/__tests__/unit/parseCoachToolCalls.test.js
PASS src/__tests__/unit/dailyMetrics.test.js
PASS src/__tests__/unit/baseUrl.test.js
PASS src/__tests__/unit/coachPersonalDataRouting.test.js
PASS src/__tests__/unit/workoutPlanParsing.test.js
PASS src/__tests__/unit/coachCategoryPrompts.test.js
PASS src/__tests__/unit/marketplaceFilters.test.js
PASS src/__tests__/unit/foodNormalize.test.js
PASS src/__tests__/integration/clientHomeBootstrap.test.js
PASS src/__tests__/unit/servingMath.test.js
PASS src/__tests__/unit/bookSessionParse.test.js
PASS src/__tests__/unit/coachSourcePreview.test.js
PASS src/__tests__/unit/notesAndFiles.test.js
PASS src/__tests__/integration/dashboardSave.test.js
PASS src/__tests__/unit/trainerClientDisplayName.test.js
PASS src/__tests__/unit/workoutDayLabels.test.js
PASS src/__tests__/integration/aiCoachFlow.test.js
PASS src/__tests__/unit/supportConfig.test.js

Test Suites: 21 passed, 21 total
Tests:       106 passed, 106 total
Snapshots:   0 total
Time:        2.028 s
Ran all test suites.
